D/RILC    ( 1371): [0129]< OPERATOR {E-Plus,E-Plus,26203}
D/RILJ    ( 1318): [0129]< OPERATOR {E-Plus, E-Plus, 26203}
D/RILC    ( 1371): [0132]> QUERY_NETWORK_SELECTION_MODE 
D/RILJ    ( 1318): [0133]> OPERATOR
D/RILC    ( 1371): [0130]< GPRS_REGISTRATION_STATE {1,9c75,0805930b,9}
D/RILC    ( 1371): [0131]< REGISTRATION_STATE {1,9c75,0805930b}
D/RILJ    ( 1318): [0130]< GPRS_REGISTRATION_STATE {1, 9c75, 0805930b, 9}
D/RILC    ( 1371): [0132]< QUERY_NETWORK_SELECTION_MODE {0}
D/RILC    ( 1371): [0133]> OPERATOR 
D/RILC    ( 1371): [0133]< OPERATOR {E-Plus,E-Plus,26203}
D/RILJ    ( 1318): [0131]< REGISTRATION_STATE {1, 9c75, 0805930b}
D/RILJ    ( 1318): [0132]< QUERY_NETWORK_SELECTION_MODE {0}
D/RILJ    ( 1318): [0134]> GPRS_REGISTRATION_STATE
D/RILJ    ( 1318): [0133]< OPERATOR {E-Plus, E-Plus, 26203}
D/RILC    ( 1371): [0134]> GPRS_REGISTRATION_STATE 
D/RILC    ( 1371): [0134]< GPRS_REGISTRATION_STATE {1,9c75,0805930b,9}
D/RILJ    ( 1318): [0135]> REGISTRATION_STATE
D/RILJ    ( 1318): [0134]< GPRS_REGISTRATION_STATE {1, 9c75, 0805930b, 9}
D/RILC    ( 1371): [0135]> REGISTRATION_STATE 
D/RILC    ( 1371): [0135]< REGISTRATION_STATE {1,9c75,0805930b}
D/RILJ    ( 1318): [0136]> QUERY_NETWORK_SELECTION_MODE
D/RILJ    ( 1318): [0135]< REGISTRATION_STATE {1, 9c75, 0805930b}
D/RILC    ( 1371): [0136]> QUERY_NETWORK_SELECTION_MODE 
D/RILC    ( 1371): [0136]< QUERY_NETWORK_SELECTION_MODE {0}
D/RILJ    ( 1318): [0136]< QUERY_NETWORK_SELECTION_MODE {0}
D/RILJ    ( 1318): [0137]> OPERATOR
D/RILC    ( 1371): [0137]> OPERATOR 
D/RILJ    ( 1318): [0138]> GPRS_REGISTRATION_STATE
D/RILC    ( 1371): [0137]< OPERATOR {E-Plus,E-Plus,26203}
D/RILJ    ( 1318): [0137]< OPERATOR {E-Plus, E-Plus, 26203}
D/RILC    ( 1371): [0138]> GPRS_REGISTRATION_STATE 
D/RILC    ( 1371): [0138]< GPRS_REGISTRATION_STATE {1,9c75,0805930b,9}
D/RILJ    ( 1318): [0138]< GPRS_REGISTRATION_STATE {1, 9c75, 0805930b, 9}
D/RILJ    ( 1318): [0139]> REGISTRATION_STATE
D/RILC    ( 1371): [0139]> REGISTRATION_STATE 
D/RILJ    ( 1318): [0140]> QUERY_NETWORK_SELECTION_MODE
D/RILC    ( 1371): [0139]< REGISTRATION_STATE {1,9c75,0805930b}
D/RILJ    ( 1318): [0139]< REGISTRATION_STATE {1, 9c75, 0805930b}
D/RILC    ( 1371): [0140]> QUERY_NETWORK_SELECTION_MODE 
D/RILC    ( 1371): [0140]< QUERY_NETWORK_SELECTION_MODE {0}
D/RILJ    ( 1318): [0140]< QUERY_NETWORK_SELECTION_MODE {0}
D/GSM     ( 1318): Poll ServiceState done:  oldSS=[0 home E-Plus E-Plus 26203  HSDPA CSS not supported -1 -1RoamInd: -1DefRoamInd: -1EmergOnly: false] newSS=[0 home E-Plus E-Plus 26203  HSDPA CSS not supported -1 -1RoamInd: -1DefRoamInd: -1EmergOnly: false] oldGprs=0 newGprs=0 oldType=HSDPA newType=HSDPA
D/GSM     ( 1318): Data shutdown complete.
D/RILJ    ( 1318): [0141]> RADIO_POWER
D/RILC    ( 1371): [0141]> RADIO_POWER (0)
D/GSM     ( 1318): [GsmDataConnection-1] DcInactiveState nothandled msg.what=6
D/GSM     ( 1318): [GsmDataConnection-1] DcDefaultState: msg.what=EVENT_DISCONNECT
D/GSM     ( 1318): [GsmDataConnection-1] NotifyDisconnectCompleted
D/GSM     ( 1318): [GsmDataConnection-1] msg.what=25 msg.obj=radioTurnedOff
D/GSM     ( 1318): [GsmDataConnection-1] clearSettings
D/GSM     ( 1318): [DataConnection] Stop poll NetStat
D/RILC    ( 1371): [0141]< RADIO_POWER
D/RILC    ( 1371): [UNSL]< UNSOL_RESPONSE_RADIO_STATE_CHANGED  {RADIO_OFF}
I/RIL     ( 1371): setRadioState: sState 0, s_closed 0
D/RILJ    ( 1318): [0141]< RADIO_POWER 
D/RILJ    ( 1318): [UNSL]< UNSOL_RESPONSE_RADIO_STATE_CHANGED RADIO_OFF
D/RILB    ( 1318): Notifying: radio off or not available
D/GSM     ( 1318): Poll ServiceState done:  oldSS=[0 home E-Plus E-Plus 26203  HSDPA CSS not supported -1 -1RoamInd: -1DefRoamInd: -1EmergOnly: false] newSS=[3 home null null null  Unknown CSS not supported -1 -1RoamInd: -1DefRoamInd: -1EmergOnly: false] oldGprs=0 newGprs=0 oldType=HSDPA newType=HSDPA
D/GSM     ( 1318): [GsmDataConnection-1] DcInactiveState: msg.what=EVENT_RESET, ignore we're already reset
D/GSM     ( 1318): [GsmDataConnection-1] NotifyDisconnectCompleted
D/GSM     ( 1318): [GsmDataConnection-1] clearSettings
D/GSM     ( 1318): [DataConnection] Stop poll NetStat
D/GSM     ( 1318): [IccCard] Broadcasting intent ACTION_SIM_STATE_CHANGED NOT_READY reason null
D/RILJ    ( 1318): [0142]> RADIO_POWER
D/RILC    ( 1371): [0142]> RADIO_POWER (1)
D/RILC    ( 1371): [UNSL]< UNSOL_RESPONSE_RADIO_STATE_CHANGED  {RADIO_SIM_NOT_READY}
I/RIL     ( 1371): setRadioState: sState 2, s_closed 0
D/RILJ    ( 1318): [UNSL]< UNSOL_RESPONSE_RADIO_STATE_CHANGED SIM_NOT_READY
D/RILB    ( 1318): Notifying: Radio On
D/RILJ    ( 1318): [0143]> OPERATOR
D/RILJ    ( 1318): [0144]> GPRS_REGISTRATION_STATE
D/RILC    ( 1371): [0143]> OPERATOR 
D/RILJ    ( 1318): [0145]> REGISTRATION_STATE
D/RILC    ( 1371): [0144]> GPRS_REGISTRATION_STATE 
D/RILC    ( 1371): [0145]> REGISTRATION_STATE 
D/RILJ    ( 1318): [0146]> QUERY_NETWORK_SELECTION_MODE
D/RILC    ( 1371): [0146]> QUERY_NETWORK_SELECTION_MODE 
D/RILJ    ( 1318): [0147]> GET_CURRENT_CALLS
D/RILC    ( 1371): [0147]> GET_CURRENT_CALLS 
D/RILC    ( 1371): [UNSL]< UNSOL_SIGNAL_STRENGTH {[signalStrength=-1,bitErrorRate=99,                CDMA_SignalStrength.dbm=-1,CDMA_SignalStrength.ecio=200,                EVDO_SignalStrength.dbm =-1,EVDO_SignalStrength.ecio=200,                EVDO_SignalStrength.signalNoiseRatio=0]}
D/RILC    ( 1371): [UNSL]< UNSOL_RESPONSE_NETWORK_STATE_CHANGED 
D/RILC    ( 1371): [UNSL]< UNSOL_RESPONSE_NETWORK_STATE_CHANGED 
D/RILJ    ( 1318): [UNSL]< UNSOL_RESPONSE_NETWORK_STATE_CHANGED
D/RILJ    ( 1318): [UNSL]< UNSOL_RESPONSE_NETWORK_STATE_CHANGED
D/RILJ    ( 1318): [0148]> OPERATOR
D/RILJ    ( 1318): [0149]> GPRS_REGISTRATION_STATE
D/RILC    ( 1371): [0148]> OPERATOR 
D/RILJ    ( 1318): [0150]> REGISTRATION_STATE
D/RILC    ( 1371): [0149]> GPRS_REGISTRATION_STATE 
D/RILJ    ( 1318): [0151]> QUERY_NETWORK_SELECTION_MODE
D/RILC    ( 1371): [0150]> REGISTRATION_STATE 
D/RILC    ( 1371): [0151]> QUERY_NETWORK_SELECTION_MODE 
D/RILJ    ( 1318): [0152]> OPERATOR
D/RILC    ( 1371): [0152]> OPERATOR 
D/RILJ    ( 1318): [0153]> GPRS_REGISTRATION_STATE
D/RILC    ( 1371): [0153]> GPRS_REGISTRATION_STATE 
D/RILJ    ( 1318): [0154]> REGISTRATION_STATE
D/RILC    ( 1371): [0154]> REGISTRATION_STATE 
D/RILJ    ( 1318): [0155]> QUERY_NETWORK_SELECTION_MODE
D/RILC    ( 1371): [0155]> QUERY_NETWORK_SELECTION_MODE 
D/RILC    ( 1371): [UNSL]< UNSOL_SIGNAL_STRENGTH {[signalStrength=4,bitErrorRate=99,                CDMA_SignalStrength.dbm=4,CDMA_SignalStrength.ecio=200,                EVDO_SignalStrength.dbm =4,EVDO_SignalStrength.ecio=200,                EVDO_SignalStrength.signalNoiseRatio=0]}
D/RILC    ( 1371): [UNSL]< UNSOL_RESPONSE_NETWORK_STATE_CHANGED 
D/RILC    ( 1371): [UNSL]< UNSOL_RESPONSE_NETWORK_STATE_CHANGED 
D/RILC    ( 1371): [UNSL]< UNSOL_RESPONSE_NETWORK_STATE_CHANGED 
D/RILJ    ( 1318): [UNSL]< UNSOL_RESPONSE_NETWORK_STATE_CHANGED
D/RILJ    ( 1318): [UNSL]< UNSOL_RESPONSE_NETWORK_STATE_CHANGED
D/RILJ    ( 1318): [UNSL]< UNSOL_RESPONSE_NETWORK_STATE_CHANGED
D/RILJ    ( 1318): [0156]> OPERATOR
D/RILC    ( 1371): [0156]> OPERATOR 
D/RILJ    ( 1318): [0157]> GPRS_REGISTRATION_STATE
D/RILC    ( 1371): [0157]> GPRS_REGISTRATION_STATE 
D/RILJ    ( 1318): [0158]> REGISTRATION_STATE
D/RILC    ( 1371): [0158]> REGISTRATION_STATE 
D/RILJ    ( 1318): [0159]> QUERY_NETWORK_SELECTION_MODE
D/RILC    ( 1371): [0159]> QUERY_NETWORK_SELECTION_MODE 
D/RILJ    ( 1318): [0160]> OPERATOR
D/RILC    ( 1371): [0160]> OPERATOR 
D/RILJ    ( 1318): [0161]> GPRS_REGISTRATION_STATE
D/RILC    ( 1371): [0161]> GPRS_REGISTRATION_STATE 
D/RILJ    ( 1318): [0162]> REGISTRATION_STATE
D/RILC    ( 1371): [0162]> REGISTRATION_STATE 
D/RILJ    ( 1318): [0163]> QUERY_NETWORK_SELECTION_MODE
D/RILC    ( 1371): [0163]> QUERY_NETWORK_SELECTION_MODE 
D/RILJ    ( 1318): [0164]> OPERATOR
D/RILC    ( 1371): [0164]> OPERATOR 
D/RILJ    ( 1318): [0165]> GPRS_REGISTRATION_STATE
D/RILC    ( 1371): [0165]> GPRS_REGISTRATION_STATE 
D/RILJ    ( 1318): [0166]> REGISTRATION_STATE
D/RILC    ( 1371): [0166]> REGISTRATION_STATE 
D/RILJ    ( 1318): [0167]> QUERY_NETWORK_SELECTION_MODE
D/RILC    ( 1371): [0167]> QUERY_NETWORK_SELECTION_MODE 
D/RILC    ( 1371): [UNSL]< UNSOL_RESPONSE_NETWORK_STATE_CHANGED 
D/RILC    ( 1371): [UNSL]< UNSOL_RESPONSE_NETWORK_STATE_CHANGED 
D/RILC    ( 1371): [UNSL]< UNSOL_RESPONSE_NETWORK_STATE_CHANGED 
D/RILJ    ( 1318): [UNSL]< UNSOL_RESPONSE_NETWORK_STATE_CHANGED
D/RILJ    ( 1318): [UNSL]< UNSOL_RESPONSE_NETWORK_STATE_CHANGED
D/RILJ    ( 1318): [0168]> OPERATOR
D/RILJ    ( 1318): [0169]> GPRS_REGISTRATION_STATE
D/RILC    ( 1371): [0168]> OPERATOR 
D/RILJ    ( 1318): [UNSL]< UNSOL_RESPONSE_NETWORK_STATE_CHANGED
D/RILC    ( 1371): [0169]> GPRS_REGISTRATION_STATE 
D/RILJ    ( 1318): [0170]> REGISTRATION_STATE
D/RILC    ( 1371): [0170]> REGISTRATION_STATE 
D/RILJ    ( 1318): [0171]> QUERY_NETWORK_SELECTION_MODE
D/RILC    ( 1371): [0171]> QUERY_NETWORK_SELECTION_MODE 
D/RILJ    ( 1318): [0172]> OPERATOR
D/RILC    ( 1371): [0172]> OPERATOR 
D/RILJ    ( 1318): [0173]> GPRS_REGISTRATION_STATE
D/RILC    ( 1371): [0173]> GPRS_REGISTRATION_STATE 
D/RILJ    ( 1318): [0174]> REGISTRATION_STATE
D/RILC    ( 1371): [0174]> REGISTRATION_STATE 
D/RILJ    ( 1318): [0175]> QUERY_NETWORK_SELECTION_MODE
D/RILC    ( 1371): [0175]> QUERY_NETWORK_SELECTION_MODE 
D/RILJ    ( 1318): [0176]> OPERATOR
D/RILC    ( 1371): [0176]> OPERATOR 
D/RILJ    ( 1318): [0177]> GPRS_REGISTRATION_STATE
D/RILC    ( 1371): [0177]> GPRS_REGISTRATION_STATE 
D/RILJ    ( 1318): [0178]> REGISTRATION_STATE
D/RILC    ( 1371): [0178]> REGISTRATION_STATE 
D/RILJ    ( 1318): [0179]> QUERY_NETWORK_SELECTION_MODE
D/RILC    ( 1371): [0179]> QUERY_NETWORK_SELECTION_MODE 
D/RILC    ( 1371): [UNSL]< UNSOL_RESPONSE_NETWORK_STATE_CHANGED 
D/RILC    ( 1371): [UNSL]< UNSOL_RESPONSE_NETWORK_STATE_CHANGED 
D/RILC    ( 1371): [UNSL]< UNSOL_RESPONSE_NETWORK_STATE_CHANGED 
D/RILJ    ( 1318): [UNSL]< UNSOL_RESPONSE_NETWORK_STATE_CHANGED
D/RILJ    ( 1318): [UNSL]< UNSOL_RESPONSE_NETWORK_STATE_CHANGED
D/RILJ    ( 1318): [UNSL]< UNSOL_RESPONSE_NETWORK_STATE_CHANGED
D/RILJ    ( 1318): [0180]> OPERATOR
D/RILC    ( 1371): [0180]> OPERATOR 
D/RILJ    ( 1318): [0181]> GPRS_REGISTRATION_STATE
D/RILC    ( 1371): [0181]> GPRS_REGISTRATION_STATE 
D/RILJ    ( 1318): [0182]> REGISTRATION_STATE
D/RILC    ( 1371): [0182]> REGISTRATION_STATE 
D/RILJ    ( 1318): [0183]> QUERY_NETWORK_SELECTION_MODE
D/RILC    ( 1371): [0183]> QUERY_NETWORK_SELECTION_MODE 
D/RILJ    ( 1318): [0184]> OPERATOR
D/RILC    ( 1371): [0184]> OPERATOR 
D/RILJ    ( 1318): [0185]> GPRS_REGISTRATION_STATE
D/RILC    ( 1371): [0185]> GPRS_REGISTRATION_STATE 
D/RILJ    ( 1318): [0186]> REGISTRATION_STATE
D/RILC    ( 1371): [0186]> REGISTRATION_STATE 
D/RILJ    ( 1318): [0187]> QUERY_NETWORK_SELECTION_MODE
D/RILC    ( 1371): [0187]> QUERY_NETWORK_SELECTION_MODE 
D/RILJ    ( 1318): [0188]> OPERATOR
D/RILC    ( 1371): [0188]> OPERATOR 
D/RILJ    ( 1318): [0189]> GPRS_REGISTRATION_STATE
D/RILC    ( 1371): [0189]> GPRS_REGISTRATION_STATE 
D/RILJ    ( 1318): [0190]> REGISTRATION_STATE
D/RILC    ( 1371): [0190]> REGISTRATION_STATE 
D/RILJ    ( 1318): [0191]> QUERY_NETWORK_SELECTION_MODE
D/RILC    ( 1371): [0191]> QUERY_NETWORK_SELECTION_MODE 
D/RILC    ( 1371): [UNSL]< UNSOL_SIGNAL_STRENGTH {[signalStrength=8,bitErrorRate=99,                CDMA_SignalStrength.dbm=8,CDMA_SignalStrength.ecio=200,                EVDO_SignalStrength.dbm =8,EVDO_SignalStrength.ecio=200,                EVDO_SignalStrength.signalNoiseRatio=0]}
D/RILC    ( 1371): [UNSL]< UNSOL_SIGNAL_STRENGTH {[signalStrength=16,bitErrorRate=99,                CDMA_SignalStrength.dbm=16,CDMA_SignalStrength.ecio=200,                EVDO_SignalStrength.dbm =16,EVDO_SignalStrength.ecio=200,                EVDO_SignalStrength.signalNoiseRatio=0]}
D/RILJ    ( 1318): NOTE: mReqWaiting is NOT 0 but50 at TIMEOUT, reset! There still msg waitng for response
D/RILJ    ( 1318): WAKE_LOCK_TIMEOUT  mRequestList=50
D/RILJ    ( 1318): 0: [142] RADIO_POWER
D/RILJ    ( 1318): 1: [143] OPERATOR
D/RILJ    ( 1318): 2: [144] GPRS_REGISTRATION_STATE
D/RILJ    ( 1318): 3: [145] REGISTRATION_STATE
D/RILJ    ( 1318): 4: [146] QUERY_NETWORK_SELECTION_MODE
D/RILJ    ( 1318): 5: [147] GET_CURRENT_CALLS
D/RILJ    ( 1318): 6: [148] OPERATOR
D/RILJ    ( 1318): 7: [149] GPRS_REGISTRATION_STATE
D/RILJ    ( 1318): 8: [150] REGISTRATION_STATE
D/RILJ    ( 1318): 9: [151] QUERY_NETWORK_SELECTION_MODE
D/RILJ    ( 1318): 10: [152] OPERATOR
D/RILJ    ( 1318): 11: [153] GPRS_REGISTRATION_STATE
D/RILJ    ( 1318): 12: [154] REGISTRATION_STATE
D/RILJ    ( 1318): 13: [155] QUERY_NETWORK_SELECTION_MODE
D/RILJ    ( 1318): 14: [156] OPERATOR
D/RILJ    ( 1318): 15: [157] GPRS_REGISTRATION_STATE
D/RILJ    ( 1318): 16: [158] REGISTRATION_STATE
D/RILJ    ( 1318): 17: [159] QUERY_NETWORK_SELECTION_MODE
D/RILJ    ( 1318): 18: [160] OPERATOR
D/RILJ    ( 1318): 19: [161] GPRS_REGISTRATION_STATE
D/RILJ    ( 1318): 20: [162] REGISTRATION_STATE
D/RILJ    ( 1318): 21: [163] QUERY_NETWORK_SELECTION_MODE
D/RILJ    ( 1318): 22: [164] OPERATOR
D/RILJ    ( 1318): 23: [165] GPRS_REGISTRATION_STATE
D/RILJ    ( 1318): 24: [166] REGISTRATION_STATE
D/RILJ    ( 1318): 25: [167] QUERY_NETWORK_SELECTION_MODE
D/RILJ    ( 1318): 26: [168] OPERATOR
D/RILJ    ( 1318): 27: [169] GPRS_REGISTRATION_STATE
D/RILJ    ( 1318): 28: [170] REGISTRATION_STATE
D/RILJ    ( 1318): 29: [171] QUERY_NETWORK_SELECTION_MODE
D/RILJ    ( 1318): 30: [172] OPERATOR
D/RILJ    ( 1318): 31: [173] GPRS_REGISTRATION_STATE
D/RILJ    ( 1318): 32: [174] REGISTRATION_STATE
D/RILJ    ( 1318): 33: [175] QUERY_NETWORK_SELECTION_MODE
D/RILJ    ( 1318): 34: [176] OPERATOR
D/RILJ    ( 1318): 35: [177] GPRS_REGISTRATION_STATE
D/RILJ    ( 1318): 36: [178] REGISTRATION_STATE
D/RILJ    ( 1318): 37: [179] QUERY_NETWORK_SELECTION_MODE
D/RILJ    ( 1318): 38: [180] OPERATOR
D/RILJ    ( 1318): 39: [181] GPRS_REGISTRATION_STATE
D/RILJ    ( 1318): 40: [182] REGISTRATION_STATE
D/RILJ    ( 1318): 41: [183] QUERY_NETWORK_SELECTION_MODE
D/RILJ    ( 1318): 42: [184] OPERATOR
D/RILJ    ( 1318): 43: [185] GPRS_REGISTRATION_STATE
D/RILJ    ( 1318): 44: [186] REGISTRATION_STATE
D/RILJ    ( 1318): 45: [187] QUERY_NETWORK_SELECTION_MODE
D/RILJ    ( 1318): 46: [188] OPERATOR
D/RILJ    ( 1318): 47: [189] GPRS_REGISTRATION_STATE
D/RILJ    ( 1318): 48: [190] REGISTRATION_STATE
D/RILJ    ( 1318): 49: [191] QUERY_NETWORK_SELECTION_MODE
D/RILC    ( 1371): [0142]< RADIO_POWER fails by E_GENERIC_FAILURE
D/RILJ    ( 1318): [0142]< RADIO_POWER error: com.android.internal.telephony.CommandException: GENERIC_FAILURE
D/RILC    ( 1371): [UNSL]< UNSOL_SIGNAL_STRENGTH {[signalStrength=16,bitErrorRate=99,                CDMA_SignalStrength.dbm=16,CDMA_SignalStrength.ecio=200,                EVDO_SignalStrength.dbm =16,EVDO_SignalStrength.ecio=200,                EVDO_SignalStrength.signalNoiseRatio=0]}
D/RILC    ( 1371): [0143]< OPERATOR {E-Plus,E-Plus,26203}
D/RILC    ( 1371): [0144]< GPRS_REGISTRATION_STATE {1,9c75,0805930b,9}
D/RILJ    ( 1318): [0143]< OPERATOR {E-Plus, E-Plus, 26203}
D/RILC    ( 1371): [0145]< REGISTRATION_STATE {1,9c75,0805930b}
D/RILJ    ( 1318): [0144]< GPRS_REGISTRATION_STATE {1, 9c75, 0805930b, 9}
D/RILC    ( 1371): [0146]< QUERY_NETWORK_SELECTION_MODE {0}
D/RILC    ( 1371): [0147]< GET_CURRENT_CALLS
D/RILJ    ( 1318): [0145]< REGISTRATION_STATE {1, 9c75, 0805930b}
D/RILC    ( 1371): [0148]< OPERATOR {E-Plus,E-Plus,26203}
D/RILJ    ( 1318): [0146]< QUERY_NETWORK_SELECTION_MODE {0}
D/RILC    ( 1371): [0149]< GPRS_REGISTRATION_STATE {1,9c75,0805930b,9}
D/RILC    ( 1371): [0150]< REGISTRATION_STATE {1,9c75,0805930b}
D/RILC    ( 1371): [0151]< QUERY_NETWORK_SELECTION_MODE {0}
D/RILJ    ( 1318): [0147]< GET_CURRENT_CALLS  
D/RILC    ( 1371): [0152]< OPERATOR {E-Plus,E-Plus,26203}
D/RILC    ( 1371): [0153]< GPRS_REGISTRATION_STATE {1,9c75,0805930b,9}
D/RILJ    ( 1318): [0148]< OPERATOR {E-Plus, E-Plus, 26203}
D/RILC    ( 1371): [0154]< REGISTRATION_STATE {1,9c75,0805930b}
D/RILC    ( 1371): [0155]< QUERY_NETWORK_SELECTION_MODE {0}
D/RILJ    ( 1318): [0149]< GPRS_REGISTRATION_STATE {1, 9c75, 0805930b, 9}
D/RILC    ( 1371): [0156]< OPERATOR {E-Plus,E-Plus,26203}
D/RILJ    ( 1318): [0150]< REGISTRATION_STATE {1, 9c75, 0805930b}
D/RILC    ( 1371): [0157]< GPRS_REGISTRATION_STATE {1,9c75,0805930b,9}
D/RILJ    ( 1318): [0151]< QUERY_NETWORK_SELECTION_MODE {0}
D/RILC    ( 1371): [0158]< REGISTRATION_STATE {1,9c75,0805930b}
D/RILC    ( 1371): [0159]< QUERY_NETWORK_SELECTION_MODE {0}
D/RILC    ( 1371): [0160]< OPERATOR {E-Plus,E-Plus,26203}
D/RILC    ( 1371): [0161]< GPRS_REGISTRATION_STATE {1,9c75,0805930b,9}
D/RILJ    ( 1318): [0152]< OPERATOR {E-Plus, E-Plus, 26203}
D/RILC    ( 1371): [0162]< REGISTRATION_STATE {1,9c75,0805930b}
D/RILC    ( 1371): [0163]< QUERY_NETWORK_SELECTION_MODE {0}
D/RILJ    ( 1318): [0153]< GPRS_REGISTRATION_STATE {1, 9c75, 0805930b, 9}
D/RILC    ( 1371): [0164]< OPERATOR {E-Plus,E-Plus,26203}
D/RILJ    ( 1318): [0154]< REGISTRATION_STATE {1, 9c75, 0805930b}
D/RILC    ( 1371): [0165]< GPRS_REGISTRATION_STATE {1,9c75,0805930b,9}
D/RILJ    ( 1318): [0155]< QUERY_NETWORK_SELECTION_MODE {0}
D/RILC    ( 1371): [0166]< REGISTRATION_STATE {1,9c75,0805930b}
D/RILC    ( 1371): [0167]< QUERY_NETWORK_SELECTION_MODE {0}
D/RILJ    ( 1318): [0156]< OPERATOR {E-Plus, E-Plus, 26203}
D/RILC    ( 1371): [0168]< OPERATOR {E-Plus,E-Plus,26203}
D/RILJ    ( 1318): [0157]< GPRS_REGISTRATION_STATE {1, 9c75, 0805930b, 9}
D/RILC    ( 1371): [0169]< GPRS_REGISTRATION_STATE {1,9c75,0805930b,9}
D/RILJ    ( 1318): [0158]< REGISTRATION_STATE {1, 9c75, 0805930b}
D/RILC    ( 1371): [0170]< REGISTRATION_STATE {1,9c75,0805930b}
D/RILC    ( 1371): [0171]< QUERY_NETWORK_SELECTION_MODE {0}
D/RILJ    ( 1318): [0159]< QUERY_NETWORK_SELECTION_MODE {0}
D/RILC    ( 1371): [0172]< OPERATOR {E-Plus,E-Plus,26203}
D/RILJ    ( 1318): [0160]< OPERATOR {E-Plus, E-Plus, 26203}
D/RILC    ( 1371): [0173]< GPRS_REGISTRATION_STATE {1,9c75,0805930b,9}
D/RILJ    ( 1318): [0161]< GPRS_REGISTRATION_STATE {1, 9c75, 0805930b, 9}
D/RILC    ( 1371): [0174]< REGISTRATION_STATE {1,9c75,0805930b}
D/RILC    ( 1371): [0175]< QUERY_NETWORK_SELECTION_MODE {0}
D/RILJ    ( 1318): [0162]< REGISTRATION_STATE {1, 9c75, 0805930b}
D/RILC    ( 1371): [0176]< OPERATOR {E-Plus,E-Plus,26203}
D/RILC    ( 1371): [0177]< GPRS_REGISTRATION_STATE {1,9c75,0805930b,9}
D/RILJ    ( 1318): [0163]< QUERY_NETWORK_SELECTION_MODE {0}
D/RILC    ( 1371): [0178]< REGISTRATION_STATE {1,9c75,0805930b}
D/RILC    ( 1371): [0179]< QUERY_NETWORK_SELECTION_MODE {0}
D/RILJ    ( 1318): [0164]< OPERATOR {E-Plus, E-Plus, 26203}
D/RILC    ( 1371): [0180]< OPERATOR {E-Plus,E-Plus,26203}
D/RILC    ( 1371): [0181]< GPRS_REGISTRATION_STATE {1,9c75,0805930b,9}
D/RILJ    ( 1318): [0165]< GPRS_REGISTRATION_STATE {1, 9c75, 0805930b, 9}
D/RILC    ( 1371): [0182]< REGISTRATION_STATE {1,9c75,0805930b}
D/RILJ    ( 1318): [0166]< REGISTRATION_STATE {1, 9c75, 0805930b}
D/RILC    ( 1371): [0183]< QUERY_NETWORK_SELECTION_MODE {0}
D/RILJ    ( 1318): [0167]< QUERY_NETWORK_SELECTION_MODE {0}
D/RILC    ( 1371): [0184]< OPERATOR {E-Plus,E-Plus,26203}
D/RILC    ( 1371): [0185]< GPRS_REGISTRATION_STATE {1,9c75,0805930b,9}
D/RILJ    ( 1318): [0168]< OPERATOR {E-Plus, E-Plus, 26203}
D/RILC    ( 1371): [0186]< REGISTRATION_STATE {1,9c75,0805930b}
D/RILC    ( 1371): [0187]< QUERY_NETWORK_SELECTION_MODE {0}
D/RILJ    ( 1318): [0169]< GPRS_REGISTRATION_STATE {1, 9c75, 0805930b, 9}
D/RILC    ( 1371): [0188]< OPERATOR {E-Plus,E-Plus,26203}
D/RILJ    ( 1318): [0170]< REGISTRATION_STATE {1, 9c75, 0805930b}
D/RILC    ( 1371): [0189]< GPRS_REGISTRATION_STATE {1,9c75,0805930b,9}
D/RILJ    ( 1318): [0171]< QUERY_NETWORK_SELECTION_MODE {0}
D/RILC    ( 1371): [0190]< REGISTRATION_STATE {1,9c75,0805930b}
D/RILJ    ( 1318): [0172]< OPERATOR {E-Plus, E-Plus, 26203}
D/RILC    ( 1371): [0191]< QUERY_NETWORK_SELECTION_MODE {0}
D/RILJ    ( 1318): [0173]< GPRS_REGISTRATION_STATE {1, 9c75, 0805930b, 9}
D/RILJ    ( 1318): [0174]< REGISTRATION_STATE {1, 9c75, 0805930b}
D/RILJ    ( 1318): [0175]< QUERY_NETWORK_SELECTION_MODE {0}
D/RILJ    ( 1318): [0176]< OPERATOR {E-Plus, E-Plus, 26203}
D/RILJ    ( 1318): [0177]< GPRS_REGISTRATION_STATE {1, 9c75, 0805930b, 9}
D/RILJ    ( 1318): [0178]< REGISTRATION_STATE {1, 9c75, 0805930b}
D/RILJ    ( 1318): [0179]< QUERY_NETWORK_SELECTION_MODE {0}
D/RILJ    ( 1318): [0180]< OPERATOR {E-Plus, E-Plus, 26203}
D/RILJ    ( 1318): [0181]< GPRS_REGISTRATION_STATE {1, 9c75, 0805930b, 9}
D/RILJ    ( 1318): [0182]< REGISTRATION_STATE {1, 9c75, 0805930b}
D/RILJ    ( 1318): [0183]< QUERY_NETWORK_SELECTION_MODE {0}
D/RILJ    ( 1318): [0184]< OPERATOR {E-Plus, E-Plus, 26203}
D/RILJ    ( 1318): [0185]< GPRS_REGISTRATION_STATE {1, 9c75, 0805930b, 9}
D/RILJ    ( 1318): [0186]< REGISTRATION_STATE {1, 9c75, 0805930b}
D/RILJ    ( 1318): [0187]< QUERY_NETWORK_SELECTION_MODE {0}
D/RILJ    ( 1318): [0188]< OPERATOR {E-Plus, E-Plus, 26203}
D/RILJ    ( 1318): [0189]< GPRS_REGISTRATION_STATE {1, 9c75, 0805930b, 9}
D/RILJ    ( 1318): [0190]< REGISTRATION_STATE {1, 9c75, 0805930b}
D/RILJ    ( 1318): [0191]< QUERY_NETWORK_SELECTION_MODE {0}
D/GSM     ( 1318): Poll ServiceState done:  oldSS=[3 home null null null  Unknown CSS not supported -1 -1RoamInd: -1DefRoamInd: -1EmergOnly: false] newSS=[0 home E-Plus E-Plus 26203  HSDPA CSS not supported -1 -1RoamInd: -1DefRoamInd: -1EmergOnly: false] oldGprs=0 newGprs=0 oldType=HSDPA newType=HSDPA
D/RILJ    ( 1318): [0192]> SCREEN_STATE: false
D/RILC    ( 1371): [0192]> SCREEN_STATE (0)
D/RILC    ( 1371): [0192]< SCREEN_STATE
D/RILJ    ( 1318): [0192]< SCREEN_STATE 
D/GSM     ( 1318): [DataConnection] Stop poll NetStat
D/RILC    ( 1371): [UNSL]< UNSOL_SIGNAL_STRENGTH {[signalStrength=16,bitErrorRate=99,                CDMA_SignalStrength.dbm=16,CDMA_SignalStrength.ecio=200,                EVDO_SignalStrength.dbm =16,EVDO_SignalStrength.ecio=200,                EVDO_SignalStrength.signalNoiseRatio=0]}
